../Core/Src/main.c:73:5:__io_putchar	16	static
../Core/Src/main.c:78:6:print_continuously_one	24	static
../Core/Src/main.c:89:6:print_continuously_two	16	static
../Core/Src/main.c:96:6:jumpAssembly	16	static,ignoring_inline_asm
../Core/Src/main.c:100:6:printFail	4	static,ignoring_inline_asm
../Core/Src/main.c:103:6:printSuccess	4	static,ignoring_inline_asm
../Core/Src/main.c:106:6:printTree	4	static,ignoring_inline_asm
../Core/Src/main.c:112:5:main	24	static
../Core/Src/main.c:164:6:SystemClock_Config	88	static
../Core/Src/main.c:211:13:MX_USART2_UART_Init	8	static
../Core/Src/main.c:244:13:MX_GPIO_Init	48	static
../Core/Src/main.c:284:6:Error_Handler	4	static,ignoring_inline_asm
